2024-06-13T10:30:09.3074487Z Current runner version: '2.317.0'
2024-06-13T10:30:09.3097660Z ##[group]Operating System
2024-06-13T10:30:09.3098432Z Ubuntu
2024-06-13T10:30:09.3098817Z 22.04.4
2024-06-13T10:30:09.3099168Z LTS
2024-06-13T10:30:09.3099607Z ##[endgroup]
2024-06-13T10:30:09.3099996Z ##[group]Runner Image
2024-06-13T10:30:09.3100444Z Image: ubuntu-22.04
2024-06-13T10:30:09.3100950Z Version: 20240609.1.0
2024-06-13T10:30:09.3101962Z Included Software: https://github.com/actions/runner-images/blob/ubuntu22/20240609.1/images/ubuntu/Ubuntu2204-Readme.md
2024-06-13T10:30:09.3103500Z Image Release: https://github.com/actions/runner-images/releases/tag/ubuntu22%2F20240609.1
2024-06-13T10:30:09.3104351Z ##[endgroup]
2024-06-13T10:30:09.3104771Z ##[group]Runner Image Provisioner
2024-06-13T10:30:09.3105356Z 2.0.370.1
2024-06-13T10:30:09.3105721Z ##[endgroup]
2024-06-13T10:30:09.3106627Z ##[group]GITHUB_TOKEN Permissions
2024-06-13T10:30:09.3108272Z Contents: write
2024-06-13T10:30:09.3108683Z Metadata: read
2024-06-13T10:30:09.3109453Z ##[endgroup]
2024-06-13T10:30:09.3112483Z Secret source: Actions
2024-06-13T10:30:09.3113245Z Prepare workflow directory
2024-06-13T10:30:09.3736016Z Prepare all required actions
2024-06-13T10:30:09.3891846Z Getting action download info
2024-06-13T10:30:09.5675814Z Download action repository 'actions/checkout@v3' (SHA:f43a0e5ff2bd294095638e18286ca9a3d1956744)
2024-06-13T10:30:09.6674018Z Download action repository 'docker/setup-buildx-action@v2' (SHA:885d1462b80bc1c1c7f0b00334ad271f09369c55)
2024-06-13T10:30:09.9241806Z Download action repository 'docker/login-action@v2' (SHA:465a07811f14bebb1938fbed4728c6a1ff8901fc)
2024-06-13T10:30:10.2362559Z Complete job name: build-and-deploy
2024-06-13T10:30:10.3271916Z ##[group]Run actions/checkout@v3
2024-06-13T10:30:10.3272388Z with:
2024-06-13T10:30:10.3272947Z   repository: nguyenha-meiii/vdt_midterm_web
2024-06-13T10:30:10.3273614Z   token: ***
2024-06-13T10:30:10.3273972Z   ssh-strict: true
2024-06-13T10:30:10.3274444Z   persist-credentials: true
2024-06-13T10:30:10.3274855Z   clean: true
2024-06-13T10:30:10.3275228Z   sparse-checkout-cone-mode: true
2024-06-13T10:30:10.3275898Z   fetch-depth: 1
2024-06-13T10:30:10.3276384Z   fetch-tags: false
2024-06-13T10:30:10.3276806Z   lfs: false
2024-06-13T10:30:10.3277450Z   submodules: false
2024-06-13T10:30:10.3277902Z   set-safe-directory: true
2024-06-13T10:30:10.3278425Z ##[endgroup]
2024-06-13T10:30:10.4809105Z Syncing repository: nguyenha-meiii/vdt_midterm_web
2024-06-13T10:30:10.4811920Z ##[group]Getting Git version info
2024-06-13T10:30:10.4813406Z Working directory is '/home/runner/work/vdt_midterm_web/vdt_midterm_web'
2024-06-13T10:30:10.4815099Z [command]/usr/bin/git version
2024-06-13T10:30:10.4816129Z git version 2.45.2
2024-06-13T10:30:10.4819006Z ##[endgroup]
2024-06-13T10:30:10.4836992Z Temporarily overriding HOME='/home/runner/work/_temp/b370e0c2-c65f-4386-9c7a-3f264d374ad0' before making global git config changes
2024-06-13T10:30:10.4838891Z Adding repository directory to the temporary git global config as a safe directory
2024-06-13T10:30:10.4840736Z [command]/usr/bin/git config --global --add safe.directory /home/runner/work/vdt_midterm_web/vdt_midterm_web
2024-06-13T10:30:10.4878817Z Deleting the contents of '/home/runner/work/vdt_midterm_web/vdt_midterm_web'
2024-06-13T10:30:10.4883256Z ##[group]Initializing the repository
2024-06-13T10:30:10.4887011Z [command]/usr/bin/git init /home/runner/work/vdt_midterm_web/vdt_midterm_web
2024-06-13T10:30:10.4956182Z hint: Using 'master' as the name for the initial branch. This default branch name
2024-06-13T10:30:10.4958185Z hint: is subject to change. To configure the initial branch name to use in all
2024-06-13T10:30:10.4959632Z hint: of your new repositories, which will suppress this warning, call:
2024-06-13T10:30:10.4960771Z hint:
2024-06-13T10:30:10.4961844Z hint: 	git config --global init.defaultBranch <name>
2024-06-13T10:30:10.4962767Z hint:
2024-06-13T10:30:10.4963969Z hint: Names commonly chosen instead of 'master' are 'main', 'trunk' and
2024-06-13T10:30:10.4966111Z hint: 'development'. The just-created branch can be renamed via this command:
2024-06-13T10:30:10.4967158Z hint:
2024-06-13T10:30:10.4967934Z hint: 	git branch -m <name>
2024-06-13T10:30:10.4969139Z Initialized empty Git repository in /home/runner/work/vdt_midterm_web/vdt_midterm_web/.git/
2024-06-13T10:30:10.4971970Z [command]/usr/bin/git remote add origin https://github.com/nguyenha-meiii/vdt_midterm_web
2024-06-13T10:30:10.5012094Z ##[endgroup]
2024-06-13T10:30:10.5012869Z ##[group]Disabling automatic garbage collection
2024-06-13T10:30:10.5016669Z [command]/usr/bin/git config --local gc.auto 0
2024-06-13T10:30:10.5053301Z ##[endgroup]
2024-06-13T10:30:10.5054432Z ##[group]Setting up auth
2024-06-13T10:30:10.5060143Z [command]/usr/bin/git config --local --name-only --get-regexp core\.sshCommand
2024-06-13T10:30:10.5097553Z [command]/usr/bin/git submodule foreach --recursive sh -c "git config --local --name-only --get-regexp 'core\.sshCommand' && git config --local --unset-all 'core.sshCommand' || :"
2024-06-13T10:30:10.5393748Z [command]/usr/bin/git config --local --name-only --get-regexp http\.https\:\/\/github\.com\/\.extraheader
2024-06-13T10:30:10.5430847Z [command]/usr/bin/git submodule foreach --recursive sh -c "git config --local --name-only --get-regexp 'http\.https\:\/\/github\.com\/\.extraheader' && git config --local --unset-all 'http.https://github.com/.extraheader' || :"
2024-06-13T10:30:10.5676907Z [command]/usr/bin/git config --local http.https://github.com/.extraheader AUTHORIZATION: basic ***
2024-06-13T10:30:10.5719494Z ##[endgroup]
2024-06-13T10:30:10.5720825Z ##[group]Fetching the repository
2024-06-13T10:30:10.5729590Z [command]/usr/bin/git -c protocol.version=2 fetch --no-tags --prune --progress --no-recurse-submodules --depth=1 origin +deffd2188841f0d228dcf9db5de0f19f314f28e7:refs/tags/v2.0.0
2024-06-13T10:30:10.7787425Z remote: Enumerating objects: 48, done.        
2024-06-13T10:30:10.7795037Z remote: Counting objects:   2% (1/48)        
2024-06-13T10:30:10.7796591Z remote: Counting objects:   4% (2/48)        
2024-06-13T10:30:10.7797757Z remote: Counting objects:   6% (3/48)        
2024-06-13T10:30:10.7798727Z remote: Counting objects:   8% (4/48)        
2024-06-13T10:30:10.7799447Z remote: Counting objects:  10% (5/48)        
2024-06-13T10:30:10.7800075Z remote: Counting objects:  12% (6/48)        
2024-06-13T10:30:10.7800803Z remote: Counting objects:  14% (7/48)        
2024-06-13T10:30:10.7801738Z remote: Counting objects:  16% (8/48)        
2024-06-13T10:30:10.7802659Z remote: Counting objects:  18% (9/48)        
2024-06-13T10:30:10.7803441Z remote: Counting objects:  20% (10/48)        
2024-06-13T10:30:10.7804396Z remote: Counting objects:  22% (11/48)        
2024-06-13T10:30:10.7804912Z remote: Counting objects:  25% (12/48)        
2024-06-13T10:30:10.7805418Z remote: Counting objects:  27% (13/48)        
2024-06-13T10:30:10.7805975Z remote: Counting objects:  29% (14/48)        
2024-06-13T10:30:10.7806455Z remote: Counting objects:  31% (15/48)        
2024-06-13T10:30:10.7806959Z remote: Counting objects:  33% (16/48)        
2024-06-13T10:30:10.7807503Z remote: Counting objects:  35% (17/48)        
2024-06-13T10:30:10.7808140Z remote: Counting objects:  37% (18/48)        
2024-06-13T10:30:10.7809028Z remote: Counting objects:  39% (19/48)        
2024-06-13T10:30:10.7810347Z remote: Counting objects:  41% (20/48)        
2024-06-13T10:30:10.7811328Z remote: Counting objects:  43% (21/48)        
2024-06-13T10:30:10.7812006Z remote: Counting objects:  45% (22/48)        
2024-06-13T10:30:10.7812507Z remote: Counting objects:  47% (23/48)        
2024-06-13T10:30:10.7813112Z remote: Counting objects:  50% (24/48)        
2024-06-13T10:30:10.7814233Z remote: Counting objects:  52% (25/48)        
2024-06-13T10:30:10.7814865Z remote: Counting objects:  54% (26/48)        
2024-06-13T10:30:10.7815344Z remote: Counting objects:  56% (27/48)        
2024-06-13T10:30:10.7815897Z remote: Counting objects:  58% (28/48)        
2024-06-13T10:30:10.7816431Z remote: Counting objects:  60% (29/48)        
2024-06-13T10:30:10.7817201Z remote: Counting objects:  62% (30/48)        
2024-06-13T10:30:10.7817795Z remote: Counting objects:  64% (31/48)        
2024-06-13T10:30:10.7818286Z remote: Counting objects:  66% (32/48)        
2024-06-13T10:30:10.7818824Z remote: Counting objects:  68% (33/48)        
2024-06-13T10:30:10.7819318Z remote: Counting objects:  70% (34/48)        
2024-06-13T10:30:10.7819783Z remote: Counting objects:  72% (35/48)        
2024-06-13T10:30:10.7820326Z remote: Counting objects:  75% (36/48)        
2024-06-13T10:30:10.7820791Z remote: Counting objects:  77% (37/48)        
2024-06-13T10:30:10.7821228Z remote: Counting objects:  79% (38/48)        
2024-06-13T10:30:10.7821777Z remote: Counting objects:  81% (39/48)        
2024-06-13T10:30:10.7822259Z remote: Counting objects:  83% (40/48)        
2024-06-13T10:30:10.7822754Z remote: Counting objects:  85% (41/48)        
2024-06-13T10:30:10.7823296Z remote: Counting objects:  87% (42/48)        
2024-06-13T10:30:10.7823783Z remote: Counting objects:  89% (43/48)        
2024-06-13T10:30:10.7824342Z remote: Counting objects:  91% (44/48)        
2024-06-13T10:30:10.7824816Z remote: Counting objects:  93% (45/48)        
2024-06-13T10:30:10.7825308Z remote: Counting objects:  95% (46/48)        
2024-06-13T10:30:10.7825835Z remote: Counting objects:  97% (47/48)        
2024-06-13T10:30:10.7826272Z remote: Counting objects: 100% (48/48)        
2024-06-13T10:30:10.7826791Z remote: Counting objects: 100% (48/48), done.        
2024-06-13T10:30:10.7827392Z remote: Compressing objects:   2% (1/45)        
2024-06-13T10:30:10.7828093Z remote: Compressing objects:   4% (2/45)        
2024-06-13T10:30:10.7828607Z remote: Compressing objects:   6% (3/45)        
2024-06-13T10:30:10.7829196Z remote: Compressing objects:   8% (4/45)        
2024-06-13T10:30:10.7829708Z remote: Compressing objects:  11% (5/45)        
2024-06-13T10:30:10.7830262Z remote: Compressing objects:  13% (6/45)        
2024-06-13T10:30:10.7830771Z remote: Compressing objects:  15% (7/45)        
2024-06-13T10:30:10.7831254Z remote: Compressing objects:  17% (8/45)        
2024-06-13T10:30:10.7831772Z remote: Compressing objects:  20% (9/45)        
2024-06-13T10:30:10.7832289Z remote: Compressing objects:  22% (10/45)        
2024-06-13T10:30:10.7832797Z remote: Compressing objects:  24% (11/45)        
2024-06-13T10:30:10.7833361Z remote: Compressing objects:  26% (12/45)        
2024-06-13T10:30:10.7833872Z remote: Compressing objects:  28% (13/45)        
2024-06-13T10:30:10.7834354Z remote: Compressing objects:  31% (14/45)        
2024-06-13T10:30:10.7834940Z remote: Compressing objects:  33% (15/45)        
2024-06-13T10:30:10.7835530Z remote: Compressing objects:  35% (16/45)        
2024-06-13T10:30:10.7836936Z remote: Compressing objects:  37% (17/45)        
2024-06-13T10:30:10.7837592Z remote: Compressing objects:  40% (18/45)        
2024-06-13T10:30:10.7838094Z remote: Compressing objects:  42% (19/45)        
2024-06-13T10:30:10.7838680Z remote: Compressing objects:  44% (20/45)        
2024-06-13T10:30:10.7839167Z remote: Compressing objects:  46% (21/45)        
2024-06-13T10:30:10.7839617Z remote: Compressing objects:  48% (22/45)        
2024-06-13T10:30:10.7840186Z remote: Compressing objects:  51% (23/45)        
2024-06-13T10:30:10.7840694Z remote: Compressing objects:  53% (24/45)        
2024-06-13T10:30:10.7841185Z remote: Compressing objects:  55% (25/45)        
2024-06-13T10:30:10.7841769Z remote: Compressing objects:  57% (26/45)        
2024-06-13T10:30:10.7842257Z remote: Compressing objects:  60% (27/45)        
2024-06-13T10:30:10.7842827Z remote: Compressing objects:  62% (28/45)        
2024-06-13T10:30:10.7843316Z remote: Compressing objects:  64% (29/45)        
2024-06-13T10:30:10.7843813Z remote: Compressing objects:  66% (30/45)        
2024-06-13T10:30:10.7844379Z remote: Compressing objects:  68% (31/45)        
2024-06-13T10:30:10.7845193Z remote: Compressing objects:  71% (32/45)        
2024-06-13T10:30:10.7846291Z remote: Compressing objects:  73% (33/45)        
2024-06-13T10:30:10.7846921Z remote: Compressing objects:  75% (34/45)        
2024-06-13T10:30:10.7847703Z remote: Compressing objects:  77% (35/45)        
2024-06-13T10:30:10.7848548Z remote: Compressing objects:  80% (36/45)        
2024-06-13T10:30:10.7849206Z remote: Compressing objects:  82% (37/45)        
2024-06-13T10:30:10.7849851Z remote: Compressing objects:  84% (38/45)        
2024-06-13T10:30:10.7850535Z remote: Compressing objects:  86% (39/45)        
2024-06-13T10:30:10.7851418Z remote: Compressing objects:  88% (40/45)        
2024-06-13T10:30:10.7852281Z remote: Compressing objects:  91% (41/45)        
2024-06-13T10:30:10.7852987Z remote: Compressing objects:  93% (42/45)        
2024-06-13T10:30:10.7853616Z remote: Compressing objects:  95% (43/45)        
2024-06-13T10:30:10.7854118Z remote: Compressing objects:  97% (44/45)        
2024-06-13T10:30:10.7854818Z remote: Compressing objects: 100% (45/45)        
2024-06-13T10:30:10.7855483Z remote: Compressing objects: 100% (45/45), done.        
2024-06-13T10:30:10.8166619Z remote: Total 48 (delta 0), reused 38 (delta 0), pack-reused 0        
2024-06-13T10:30:10.8360949Z From https://github.com/nguyenha-meiii/vdt_midterm_web
2024-06-13T10:30:10.8361881Z  * [new ref]         deffd2188841f0d228dcf9db5de0f19f314f28e7 -> v2.0.0
2024-06-13T10:30:10.8387333Z ##[endgroup]
2024-06-13T10:30:10.8388529Z ##[group]Determining the checkout info
2024-06-13T10:30:10.8389843Z ##[endgroup]
2024-06-13T10:30:10.8390940Z ##[group]Checking out the ref
2024-06-13T10:30:10.8395218Z [command]/usr/bin/git checkout --progress --force refs/tags/v2.0.0
2024-06-13T10:30:10.8500665Z Note: switching to 'refs/tags/v2.0.0'.
2024-06-13T10:30:10.8501525Z 
2024-06-13T10:30:10.8502066Z You are in 'detached HEAD' state. You can look around, make experimental
2024-06-13T10:30:10.8503019Z changes and commit them, and you can discard any commits you make in this
2024-06-13T10:30:10.8504063Z state without impacting any branches by switching back to a branch.
2024-06-13T10:30:10.8505052Z 
2024-06-13T10:30:10.8505600Z If you want to create a new branch to retain commits you create, you may
2024-06-13T10:30:10.8507044Z do so (now or later) by using -c with the switch command. Example:
2024-06-13T10:30:10.8507782Z 
2024-06-13T10:30:10.8508393Z   git switch -c <new-branch-name>
2024-06-13T10:30:10.8508894Z 
2024-06-13T10:30:10.8509211Z Or undo this operation with:
2024-06-13T10:30:10.8509643Z 
2024-06-13T10:30:10.8509928Z   git switch -
2024-06-13T10:30:10.8510404Z 
2024-06-13T10:30:10.8511000Z Turn off this advice by setting config variable advice.detachedHead to false
2024-06-13T10:30:10.8511801Z 
2024-06-13T10:30:10.8512113Z HEAD is now at deffd21 update
2024-06-13T10:30:10.8514135Z ##[endgroup]
2024-06-13T10:30:10.8552803Z [command]/usr/bin/git log -1 --format='%H'
2024-06-13T10:30:10.8581513Z 'deffd2188841f0d228dcf9db5de0f19f314f28e7'
2024-06-13T10:30:10.8845771Z ##[group]Run docker/setup-buildx-action@v2
2024-06-13T10:30:10.8846295Z with:
2024-06-13T10:30:10.8846638Z   driver: docker-container
2024-06-13T10:30:10.8847443Z   buildkitd-flags: --allow-insecure-entitlement security.insecure --allow-insecure-entitlement network.host
2024-06-13T10:30:10.8848169Z   install: false
2024-06-13T10:30:10.8848485Z   use: true
2024-06-13T10:30:10.8848875Z   cleanup: true
2024-06-13T10:30:10.8849243Z ##[endgroup]
2024-06-13T10:30:11.0383337Z ##[group]Docker info
2024-06-13T10:30:11.0408873Z [command]/usr/bin/docker version
2024-06-13T10:30:11.0872066Z Client: Docker Engine - Community
2024-06-13T10:30:11.0874929Z  Version:           26.1.3
2024-06-13T10:30:11.0875852Z  API version:       1.45
2024-06-13T10:30:11.0876315Z  Go version:        go1.21.10
2024-06-13T10:30:11.0876823Z  Git commit:        b72abbb
2024-06-13T10:30:11.0877221Z  Built:             Thu May 16 08:33:29 2024
2024-06-13T10:30:11.0877700Z  OS/Arch:           linux/amd64
2024-06-13T10:30:11.0878316Z  Context:           default
2024-06-13T10:30:11.0878561Z 
2024-06-13T10:30:11.0879125Z Server: Docker Engine - Community
2024-06-13T10:30:11.0879614Z  Engine:
2024-06-13T10:30:11.0879950Z   Version:          26.1.3
2024-06-13T10:30:11.0880440Z   API version:      1.45 (minimum version 1.24)
2024-06-13T10:30:11.0880868Z   Go version:       go1.21.10
2024-06-13T10:30:11.0881269Z   Git commit:       8e96db1
2024-06-13T10:30:11.0881748Z   Built:            Thu May 16 08:33:29 2024
2024-06-13T10:30:11.0882250Z   OS/Arch:          linux/amd64
2024-06-13T10:30:11.0882950Z   Experimental:     false
2024-06-13T10:30:11.0883758Z  containerd:
2024-06-13T10:30:11.0884383Z   Version:          1.6.33
2024-06-13T10:30:11.0885218Z   GitCommit:        d2d58213f83a351ca8f528a95fbd145f5654e957
2024-06-13T10:30:11.0886291Z  runc:
2024-06-13T10:30:11.0886818Z   Version:          1.1.12
2024-06-13T10:30:11.0887847Z   GitCommit:        v1.1.12-0-g51d5e94
2024-06-13T10:30:11.0903649Z  docker-init:
2024-06-13T10:30:11.0904228Z   Version:          0.19.0
2024-06-13T10:30:11.0904783Z   GitCommit:        de40ad0
2024-06-13T10:30:11.0918416Z [command]/usr/bin/docker info
2024-06-13T10:30:11.2020987Z Client: Docker Engine - Community
2024-06-13T10:30:11.2021906Z  Version:    26.1.3
2024-06-13T10:30:11.2022720Z  Context:    default
2024-06-13T10:30:11.2023341Z  Debug Mode: false
2024-06-13T10:30:11.2024110Z  Plugins:
2024-06-13T10:30:11.2024621Z   buildx: Docker Buildx (Docker Inc.)
2024-06-13T10:30:11.2025067Z     Version:  v0.14.1
2024-06-13T10:30:11.2025603Z     Path:     /usr/libexec/docker/cli-plugins/docker-buildx
2024-06-13T10:30:11.2026223Z   compose: Docker Compose (Docker Inc.)
2024-06-13T10:30:11.2026658Z     Version:  v2.27.1
2024-06-13T10:30:11.2027243Z     Path:     /usr/libexec/docker/cli-plugins/docker-compose
2024-06-13T10:30:11.2027628Z 
2024-06-13T10:30:11.2027744Z Server:
2024-06-13T10:30:11.2028068Z  Containers: 0
2024-06-13T10:30:11.2028510Z   Running: 0
2024-06-13T10:30:11.2028846Z   Paused: 0
2024-06-13T10:30:11.2029194Z   Stopped: 0
2024-06-13T10:30:11.2029584Z  Images: 14
2024-06-13T10:30:11.2029885Z  Server Version: 26.1.3
2024-06-13T10:30:11.2030289Z  Storage Driver: overlay2
2024-06-13T10:30:11.2030750Z   Backing Filesystem: extfs
2024-06-13T10:30:11.2031160Z   Supports d_type: true
2024-06-13T10:30:11.2031596Z   Using metacopy: false
2024-06-13T10:30:11.2031968Z   Native Overlay Diff: false
2024-06-13T10:30:11.2032366Z   userxattr: false
2024-06-13T10:30:11.2032846Z  Logging Driver: json-file
2024-06-13T10:30:11.2033217Z  Cgroup Driver: cgroupfs
2024-06-13T10:30:11.2033591Z  Cgroup Version: 2
2024-06-13T10:30:11.2033997Z  Plugins:
2024-06-13T10:30:11.2034328Z   Volume: local
2024-06-13T10:30:11.2034929Z   Network: bridge host ipvlan macvlan null overlay
2024-06-13T10:30:11.2036612Z   Log: awslogs fluentd gcplogs gelf journald json-file local splunk syslog
2024-06-13T10:30:11.2037663Z  Swarm: inactive
2024-06-13T10:30:11.2038522Z  Runtimes: io.containerd.runc.v2 runc
2024-06-13T10:30:11.2039764Z  Default Runtime: runc
2024-06-13T10:30:11.2040483Z  Init Binary: docker-init
2024-06-13T10:30:11.2041560Z  containerd version: d2d58213f83a351ca8f528a95fbd145f5654e957
2024-06-13T10:30:11.2042616Z  runc version: v1.1.12-0-g51d5e94
2024-06-13T10:30:11.2043303Z  init version: de40ad0
2024-06-13T10:30:11.2044117Z  Security Options:
2024-06-13T10:30:11.2044679Z   apparmor
2024-06-13T10:30:11.2045221Z   seccomp
2024-06-13T10:30:11.2045926Z    Profile: builtin
2024-06-13T10:30:11.2046453Z   cgroupns
2024-06-13T10:30:11.2047152Z  Kernel Version: 6.5.0-1021-azure
2024-06-13T10:30:11.2048090Z  Operating System: Ubuntu 22.04.4 LTS
2024-06-13T10:30:11.2048803Z  OSType: linux
2024-06-13T10:30:11.2049580Z  Architecture: x86_64
2024-06-13T10:30:11.2050231Z  CPUs: 4
2024-06-13T10:30:11.2050841Z  Total Memory: 15.61GiB
2024-06-13T10:30:11.2051810Z  Name: fv-az1118-988
2024-06-13T10:30:11.2052595Z  ID: 2686415c-d675-4aa2-a9d0-5b8f2b68eac4
2024-06-13T10:30:11.2053451Z  Docker Root Dir: /var/lib/docker
2024-06-13T10:30:11.2054390Z  Debug Mode: false
2024-06-13T10:30:11.2055043Z  Username: githubactions
2024-06-13T10:30:11.2056113Z  Experimental: false
2024-06-13T10:30:11.2056939Z  Insecure Registries:
2024-06-13T10:30:11.2057653Z   127.0.0.0/8
2024-06-13T10:30:11.2058420Z  Live Restore Enabled: false
2024-06-13T10:30:11.2058874Z 
2024-06-13T10:30:11.2059876Z ##[endgroup]
2024-06-13T10:30:11.2538096Z ##[group]Buildx version
2024-06-13T10:30:11.2570012Z [command]/usr/bin/docker buildx version
2024-06-13T10:30:11.3098395Z github.com/docker/buildx v0.14.1 59582a88fca7858dbe1886fd1556b2a0d79e43a3
2024-06-13T10:30:11.3141135Z ##[endgroup]
2024-06-13T10:30:11.3151911Z ##[group]Creating a new builder instance
2024-06-13T10:30:11.3804293Z [command]/usr/bin/docker buildx create --name builder-e7b8c3a1-2e5f-4ef6-950f-52f800dd5499 --driver docker-container --buildkitd-flags --allow-insecure-entitlement security.insecure --allow-insecure-entitlement network.host --use
2024-06-13T10:30:11.4321246Z builder-e7b8c3a1-2e5f-4ef6-950f-52f800dd5499
2024-06-13T10:30:11.4352258Z ##[endgroup]
2024-06-13T10:30:11.4353414Z ##[group]Booting builder
2024-06-13T10:30:11.4383794Z [command]/usr/bin/docker buildx inspect --bootstrap --builder builder-e7b8c3a1-2e5f-4ef6-950f-52f800dd5499
2024-06-13T10:30:11.4844408Z #1 [internal] booting buildkit
2024-06-13T10:30:11.6348497Z #1 pulling image moby/buildkit:buildx-stable-1
2024-06-13T10:30:11.7033587Z #1 pulling image moby/buildkit:buildx-stable-1 0.2s done
2024-06-13T10:30:11.8536388Z #1 creating container buildx_buildkit_builder-e7b8c3a1-2e5f-4ef6-950f-52f800dd54990
2024-06-13T10:30:12.0985370Z #1 creating container buildx_buildkit_builder-e7b8c3a1-2e5f-4ef6-950f-52f800dd54990 0.4s done
2024-06-13T10:30:12.1015502Z #1 DONE 0.6s
2024-06-13T10:30:12.1688401Z Name:          builder-e7b8c3a1-2e5f-4ef6-950f-52f800dd5499
2024-06-13T10:30:12.1690084Z Driver:        docker-container
2024-06-13T10:30:12.1695117Z Last Activity: 2024-06-13 10:30:11 +0000 UTC
2024-06-13T10:30:12.1695754Z 
2024-06-13T10:30:12.1695951Z Nodes:
2024-06-13T10:30:12.1697069Z Name:                  builder-e7b8c3a1-2e5f-4ef6-950f-52f800dd54990
2024-06-13T10:30:12.1698119Z Endpoint:              unix:///var/run/docker.sock
2024-06-13T10:30:12.1698916Z Status:                running
2024-06-13T10:30:12.1700553Z BuildKit daemon flags: --allow-insecure-entitlement security.insecure --allow-insecure-entitlement network.host
2024-06-13T10:30:12.1701897Z BuildKit version:      v0.13.2
2024-06-13T10:30:12.1702793Z Platforms:             linux/amd64, linux/amd64/v2, linux/amd64/v3, linux/386
2024-06-13T10:30:12.1703793Z Labels:
2024-06-13T10:30:12.1704551Z  org.mobyproject.buildkit.worker.executor:         oci
2024-06-13T10:30:12.1705711Z  org.mobyproject.buildkit.worker.hostname:         f527f2cafdcc
2024-06-13T10:30:12.1707048Z  org.mobyproject.buildkit.worker.network:          host
2024-06-13T10:30:12.1708365Z  org.mobyproject.buildkit.worker.oci.process-mode: sandbox
2024-06-13T10:30:12.1709727Z  org.mobyproject.buildkit.worker.selinux.enabled:  false
2024-06-13T10:30:12.1714029Z  org.mobyproject.buildkit.worker.snapshotter:      overlayfs
2024-06-13T10:30:12.1715469Z GC Policy rule#0:
2024-06-13T10:30:12.1716445Z  All:           false
2024-06-13T10:30:12.1717767Z  Filters:       type==source.local,type==exec.cachemount,type==source.git.checkout
2024-06-13T10:30:12.1719072Z  Keep Duration: 48h0m0s
2024-06-13T10:30:12.1719936Z  Keep Bytes:    488.3MiB
2024-06-13T10:30:12.1720655Z GC Policy rule#1:
2024-06-13T10:30:12.1721142Z  All:           false
2024-06-13T10:30:12.1721909Z  Keep Duration: 1440h0m0s
2024-06-13T10:30:12.1722741Z  Keep Bytes:    7.451GiB
2024-06-13T10:30:12.1723767Z GC Policy rule#2:
2024-06-13T10:30:12.1724609Z  All:        false
2024-06-13T10:30:12.1725221Z  Keep Bytes: 7.451GiB
2024-06-13T10:30:12.1726005Z GC Policy rule#3:
2024-06-13T10:30:12.1726570Z  All:        true
2024-06-13T10:30:12.1727334Z  Keep Bytes: 7.451GiB
2024-06-13T10:30:12.1783785Z ##[endgroup]
2024-06-13T10:30:12.2909898Z ##[group]Inspect builder
2024-06-13T10:30:12.2910906Z {
2024-06-13T10:30:12.2911888Z   "nodes": [
2024-06-13T10:30:12.2912476Z     {
2024-06-13T10:30:12.2914320Z       "name": "builder-e7b8c3a1-2e5f-4ef6-950f-52f800dd54990",
2024-06-13T10:30:12.2914946Z       "endpoint": "unix:///var/run/docker.sock",
2024-06-13T10:30:12.2915472Z       "status": "running",
2024-06-13T10:30:12.2916559Z       "platforms": "linux/amd64,linux/amd64/v2,linux/amd64/v3,linux/386",
2024-06-13T10:30:12.2917091Z       "labels": {
2024-06-13T10:30:12.2917558Z         "org.mobyproject.buildkit.worker.executor": "oci",
2024-06-13T10:30:12.2918255Z         "org.mobyproject.buildkit.worker.hostname": "f527f2cafdcc",
2024-06-13T10:30:12.2919031Z         "org.mobyproject.buildkit.worker.network": "host",
2024-06-13T10:30:12.2920252Z         "org.mobyproject.buildkit.worker.oci.process-mode": "sandbox",
2024-06-13T10:30:12.2921509Z         "org.mobyproject.buildkit.worker.selinux.enabled": "false",
2024-06-13T10:30:12.2922602Z         "org.mobyproject.buildkit.worker.snapshotter": "overlayfs"
2024-06-13T10:30:12.2923484Z       },
2024-06-13T10:30:12.2923952Z       "gcPolicy": [
2024-06-13T10:30:12.2924437Z         {
2024-06-13T10:30:12.2924926Z           "all": false,
2024-06-13T10:30:12.2925470Z           "filter": [
2024-06-13T10:30:12.2925877Z             "type==source.local",
2024-06-13T10:30:12.2926470Z             "type==exec.cachemount",
2024-06-13T10:30:12.2926913Z             "type==source.git.checkout"
2024-06-13T10:30:12.2927314Z           ],
2024-06-13T10:30:12.2927802Z           "keepDuration": "48h0m0s",
2024-06-13T10:30:12.2928246Z           "keepBytes": "488.3MiB"
2024-06-13T10:30:12.2928570Z         },
2024-06-13T10:30:12.2929057Z         {
2024-06-13T10:30:12.2929352Z           "all": false,
2024-06-13T10:30:12.2929786Z           "keepDuration": "1440h0m0s",
2024-06-13T10:30:12.2930304Z           "keepBytes": "7.451GiB"
2024-06-13T10:30:12.2930658Z         },
2024-06-13T10:30:12.2931106Z         {
2024-06-13T10:30:12.2931431Z           "all": false,
2024-06-13T10:30:12.2931798Z           "keepBytes": "7.451GiB"
2024-06-13T10:30:12.2932300Z         },
2024-06-13T10:30:12.2932588Z         {
2024-06-13T10:30:12.2932893Z           "all": true,
2024-06-13T10:30:12.2933413Z           "keepBytes": "7.451GiB"
2024-06-13T10:30:12.2933779Z         }
2024-06-13T10:30:12.2934142Z       ]
2024-06-13T10:30:12.2934511Z     }
2024-06-13T10:30:12.2934765Z   ],
2024-06-13T10:30:12.2935299Z   "name": "builder-e7b8c3a1-2e5f-4ef6-950f-52f800dd5499",
2024-06-13T10:30:12.2935811Z   "driver": "docker-container",
2024-06-13T10:30:12.2936289Z   "lastActivity": "2024-06-13T10:30:11.000Z"
2024-06-13T10:30:12.2936754Z }
2024-06-13T10:30:12.2937340Z ##[endgroup]
2024-06-13T10:30:12.2937963Z ##[group]BuildKit version
2024-06-13T10:30:12.6656216Z builder-e7b8c3a1-2e5f-4ef6-950f-52f800dd54990: moby/buildkit:buildx-stable-1 => buildkitd github.com/moby/buildkit v0.13.2 2e18d709fefdcc2db20853ee241c75b058189d39
2024-06-13T10:30:12.6657671Z ##[endgroup]
2024-06-13T10:30:12.6800900Z ##[group]Run docker/login-action@v2
2024-06-13T10:30:12.6801383Z with:
2024-06-13T10:30:12.6801956Z   username: ***
2024-06-13T10:30:12.6802370Z   password: ***
2024-06-13T10:30:12.6802720Z   ecr: auto
2024-06-13T10:30:12.6803119Z   logout: true
2024-06-13T10:30:12.6803458Z ##[endgroup]
2024-06-13T10:30:12.7886439Z Logging into Docker Hub...
2024-06-13T10:30:12.9305946Z Login Succeeded!
2024-06-13T10:30:12.9410273Z ##[group]Run echo "TAG=${GITHUB_REF#refs/tags/}" >> $GITHUB_ENV
2024-06-13T10:30:12.9411190Z [36;1mecho "TAG=${GITHUB_REF#refs/tags/}" >> $GITHUB_ENV[0m
2024-06-13T10:30:12.9489217Z shell: /usr/bin/bash -e {0}
2024-06-13T10:30:12.9489645Z ##[endgroup]
2024-06-13T10:30:12.9730360Z ##[group]Run docker build -t hantmei/vdt_web:v2.0.0 .
2024-06-13T10:30:12.9731000Z [36;1mdocker build -t hantmei/vdt_web:v2.0.0 .[0m
2024-06-13T10:30:12.9731670Z [36;1mdocker push hantmei/vdt_web:v2.0.0[0m
2024-06-13T10:30:12.9783626Z shell: /usr/bin/bash -e {0}
2024-06-13T10:30:12.9784058Z env:
2024-06-13T10:30:12.9784373Z   TAG: v2.0.0
2024-06-13T10:30:12.9784739Z ##[endgroup]
2024-06-13T10:30:13.3122516Z #0 building with "default" instance using docker driver
2024-06-13T10:30:13.3123580Z 
2024-06-13T10:30:13.3123900Z #1 [internal] load build definition from Dockerfile
2024-06-13T10:30:13.3124447Z #1 transferring dockerfile: 337B done
2024-06-13T10:30:13.3125020Z #1 DONE 0.0s
2024-06-13T10:30:13.3125252Z 
2024-06-13T10:30:13.3125787Z #2 [auth] library/node:pull token for registry-1.docker.io
2024-06-13T10:30:13.3126377Z #2 DONE 0.0s
2024-06-13T10:30:13.3126586Z 
2024-06-13T10:30:13.3126862Z #3 [auth] library/nginx:pull token for registry-1.docker.io
2024-06-13T10:30:13.3127544Z #3 DONE 0.0s
2024-06-13T10:30:13.3127716Z 
2024-06-13T10:30:13.3127968Z #4 [internal] load metadata for docker.io/library/node:22
2024-06-13T10:30:13.4371759Z #4 DONE 0.3s
2024-06-13T10:30:13.4372191Z 
2024-06-13T10:30:13.4372726Z #5 [internal] load metadata for docker.io/library/nginx:1.23.3-alpine
2024-06-13T10:30:13.5695418Z #5 DONE 0.3s
2024-06-13T10:30:13.5695795Z 
2024-06-13T10:30:13.5696029Z #6 [internal] load .dockerignore
2024-06-13T10:30:13.5696717Z #6 transferring context: 83B done
2024-06-13T10:30:13.5697513Z #6 DONE 0.0s
2024-06-13T10:30:13.5697789Z 
2024-06-13T10:30:13.5698058Z #7 [internal] load build context
2024-06-13T10:30:13.5700774Z #7 transferring context: 1.19MB 0.0s done
2024-06-13T10:30:13.5702374Z #7 DONE 0.0s
2024-06-13T10:30:13.5703035Z 
2024-06-13T10:30:13.5705461Z #8 [stage-1 1/3] FROM docker.io/library/nginx:1.23.3-alpine@sha256:6318314189b40e73145a48060bff4783a116c34cc7241532d0d94198fb2c9629
2024-06-13T10:30:13.5708386Z #8 resolve docker.io/library/nginx:1.23.3-alpine@sha256:6318314189b40e73145a48060bff4783a116c34cc7241532d0d94198fb2c9629 done
2024-06-13T10:30:13.5711131Z #8 extracting sha256:63b65145d645c1250c391b2d16ebe53b3747c295ca8ba2fcb6b0cf064a4dc21c
2024-06-13T10:30:13.6800794Z #8 extracting sha256:63b65145d645c1250c391b2d16ebe53b3747c295ca8ba2fcb6b0cf064a4dc21c 0.1s done
2024-06-13T10:30:13.6804114Z #8 sha256:3eb380b81387e9f2a49cb6e5e18db016e33d62c37ea0e9be2339e9f0b3e26170 1.78kB / 1.78kB done
2024-06-13T10:30:13.6807045Z #8 sha256:2bc7edbc3cf2fce630a95d0586c48cd248e5df37df5b1244728a5c8c91becfe0 16.35kB / 16.35kB done
2024-06-13T10:30:13.6810667Z #8 sha256:63b65145d645c1250c391b2d16ebe53b3747c295ca8ba2fcb6b0cf064a4dc21c 3.37MB / 3.37MB 0.1s done
2024-06-13T10:30:13.6812994Z #8 sha256:8c7e1fd9638084ba511aec1cf01d0f8e406520605d6646b040927dd4bc14d866 1.80MB / 1.80MB 0.1s done
2024-06-13T10:30:13.6815738Z #8 sha256:86c5246c96dbb77b446cfbd8caeaa7d71bbac064836e7eb5107e047da5cb6ead 627B / 627B 0.1s done
2024-06-13T10:30:13.6817581Z #8 sha256:6318314189b40e73145a48060bff4783a116c34cc7241532d0d94198fb2c9629 1.65kB / 1.65kB done
2024-06-13T10:30:13.6819621Z #8 sha256:b874033c43fb2c911c74a6f9dc209b76bb4131c6990d3af5e00c1b6a927f6efe 956B / 956B 0.1s done
2024-06-13T10:30:13.6821165Z #8 extracting sha256:8c7e1fd9638084ba511aec1cf01d0f8e406520605d6646b040927dd4bc14d866
2024-06-13T10:30:13.6822885Z #8 sha256:dbe1551bd73f2a91dc74c53156da4d2dd38074f14aba106e534ca32c6e49a0c3 772B / 772B 0.1s done
2024-06-13T10:30:13.6824608Z #8 sha256:0d4f6b3f3de69252af87911eaab1781b43161bafdfd3c4b9514a2ebce96a0cd6 1.40kB / 1.40kB 0.2s done
2024-06-13T10:30:13.6826210Z #8 sha256:2a41f256c40f00d75b71a31444da307b5a1884c3af9fdac91504acfcc1141c6a 0B / 11.49MB 0.2s
2024-06-13T10:30:13.7811907Z #8 sha256:2a41f256c40f00d75b71a31444da307b5a1884c3af9fdac91504acfcc1141c6a 11.49MB / 11.49MB 0.3s done
2024-06-13T10:30:13.9822074Z #8 extracting sha256:8c7e1fd9638084ba511aec1cf01d0f8e406520605d6646b040927dd4bc14d866 0.2s done
2024-06-13T10:30:14.0851602Z #8 extracting sha256:86c5246c96dbb77b446cfbd8caeaa7d71bbac064836e7eb5107e047da5cb6ead done
2024-06-13T10:30:14.0853722Z #8 extracting sha256:b874033c43fb2c911c74a6f9dc209b76bb4131c6990d3af5e00c1b6a927f6efe done
2024-06-13T10:30:14.0855626Z #8 extracting sha256:dbe1551bd73f2a91dc74c53156da4d2dd38074f14aba106e534ca32c6e49a0c3 done
2024-06-13T10:30:14.0857644Z #8 extracting sha256:0d4f6b3f3de69252af87911eaab1781b43161bafdfd3c4b9514a2ebce96a0cd6
2024-06-13T10:30:14.1965656Z #8 extracting sha256:0d4f6b3f3de69252af87911eaab1781b43161bafdfd3c4b9514a2ebce96a0cd6 done
2024-06-13T10:30:14.1968251Z #8 extracting sha256:2a41f256c40f00d75b71a31444da307b5a1884c3af9fdac91504acfcc1141c6a 0.1s
2024-06-13T10:30:14.4276715Z #8 extracting sha256:2a41f256c40f00d75b71a31444da307b5a1884c3af9fdac91504acfcc1141c6a 0.3s done
2024-06-13T10:30:14.6980719Z #8 DONE 1.1s
2024-06-13T10:30:14.6981389Z 
2024-06-13T10:30:14.6983796Z #9 [stage-1 2/3] COPY ./nginx.conf /etc/nginx/config.d/default.conf
2024-06-13T10:30:14.6984716Z #9 DONE 0.0s
2024-06-13T10:30:14.6985014Z 
2024-06-13T10:30:14.6986093Z #10 [build 1/6] FROM docker.io/library/node:22@sha256:f73cc32c7285fba333cc4fbe00d5ff8babf7ebfa6a2557ab22919bcfdff05f0e
2024-06-13T10:30:14.6988040Z #10 resolve docker.io/library/node:22@sha256:f73cc32c7285fba333cc4fbe00d5ff8babf7ebfa6a2557ab22919bcfdff05f0e done
2024-06-13T10:30:14.6989755Z #10 sha256:f73cc32c7285fba333cc4fbe00d5ff8babf7ebfa6a2557ab22919bcfdff05f0e 1.21kB / 1.21kB done
2024-06-13T10:30:14.6991570Z #10 sha256:fd691ae8c416e0564bf247df4fadfec7931ae09357b2b97e94918b5d932ab8b8 7.41kB / 7.41kB done
2024-06-13T10:30:14.6993197Z #10 sha256:5c28aadebc048e3347f81036a4642feebcae08b377554701ce1426b9cdf5e59f 2.00kB / 2.00kB done
2024-06-13T10:30:14.6994891Z #10 sha256:fef24303d3151d23b21b1defb454b2ce8dfe8cf1098274de5fd479f573cc4adb 52.29MB / 52.29MB 0.7s done
2024-06-13T10:30:14.6997070Z #10 sha256:157d4210c3410c48dc38dc002579cb93cd3e86f7396e8d686e72e07b728bc93f 1.25MB / 1.25MB 0.3s done
2024-06-13T10:30:14.6998760Z #10 sha256:dbc780b8f90b7b733462ca834bd9434d504fb492329641510e708413d5750abf 452B / 452B 0.3s done
2024-06-13T10:30:14.7000332Z #10 extracting sha256:fef24303d3151d23b21b1defb454b2ce8dfe8cf1098274de5fd479f573cc4adb 0.5s
2024-06-13T10:30:16.1983567Z #10 extracting sha256:fef24303d3151d23b21b1defb454b2ce8dfe8cf1098274de5fd479f573cc4adb 1.9s done
2024-06-13T10:30:16.2679676Z #10 extracting sha256:157d4210c3410c48dc38dc002579cb93cd3e86f7396e8d686e72e07b728bc93f
2024-06-13T10:30:16.5094732Z #10 extracting sha256:157d4210c3410c48dc38dc002579cb93cd3e86f7396e8d686e72e07b728bc93f 0.0s done
2024-06-13T10:30:16.5096465Z #10 extracting sha256:dbc780b8f90b7b733462ca834bd9434d504fb492329641510e708413d5750abf done
2024-06-13T10:30:16.5097632Z #10 DONE 2.9s
2024-06-13T10:30:16.5098104Z 
2024-06-13T10:30:16.5098434Z #11 [build 2/6] WORKDIR /app
2024-06-13T10:30:16.5099164Z #11 DONE 0.0s
2024-06-13T10:30:16.5099467Z 
2024-06-13T10:30:16.5100003Z #12 [build 3/6] COPY package*.json ./
2024-06-13T10:30:16.5100721Z #12 DONE 0.0s
2024-06-13T10:30:16.5101016Z 
2024-06-13T10:30:16.5101242Z #13 [build 4/6] RUN npm install
2024-06-13T10:30:19.2887183Z #13 2.929 npm warn deprecated w3c-hr-time@1.0.2: Use your platform's native performance.now() and performance.timeOrigin.
2024-06-13T10:30:19.6232020Z #13 3.264 npm warn deprecated stable@0.1.8: Modern JS already guarantees Array#sort() is a stable sort, so this library is deprecated. See the compatibility table on MDN: https://developer.mozilla.org/en-US/docs/Web/JavaScript/Reference/Global_Objects/Array/sort#browser_compatibility
2024-06-13T10:30:19.7613946Z #13 3.319 npm warn deprecated workbox-google-analytics@6.6.0: It is not compatible with newer versions of GA starting with v4, as long as you are using GAv3 it should be ok, but the package is not longer being maintained
2024-06-13T10:30:19.7616537Z #13 3.322 npm warn deprecated sourcemap-codec@1.4.8: Please use @jridgewell/sourcemap-codec instead
2024-06-13T10:30:19.7618357Z #13 3.402 npm warn deprecated workbox-cacheable-response@6.6.0: workbox-background-sync@6.6.0
2024-06-13T10:30:19.9572154Z #13 3.448 npm warn deprecated rollup-plugin-terser@7.0.2: This package has been deprecated and is no longer maintained. Please use @rollup/plugin-terser
2024-06-13T10:30:21.3330527Z #13 4.974 npm warn deprecated svgo@1.3.2: This SVGO version is no longer supported. Upgrade to v2.x.x.
2024-06-13T10:30:21.4659980Z #13 5.107 npm warn deprecated domexception@2.0.1: Use your platform's native DOMException instead
2024-06-13T10:30:22.0192940Z #13 5.660 npm warn deprecated abab@2.0.6: Use your platform's native atob() and btoa() methods instead
2024-06-13T10:30:23.2541829Z #13 6.895 npm warn deprecated @babel/plugin-proposal-nullish-coalescing-operator@7.18.6: This proposal has been merged to the ECMAScript standard and thus this plugin is no longer maintained. Please use @babel/plugin-transform-nullish-coalescing-operator instead.
2024-06-13T10:30:23.4433948Z #13 6.895 npm warn deprecated @babel/plugin-proposal-private-methods@7.18.6: This proposal has been merged to the ECMAScript standard and thus this plugin is no longer maintained. Please use @babel/plugin-transform-private-methods instead.
2024-06-13T10:30:23.4438823Z #13 6.918 npm warn deprecated @babel/plugin-proposal-numeric-separator@7.18.6: This proposal has been merged to the ECMAScript standard and thus this plugin is no longer maintained. Please use @babel/plugin-transform-numeric-separator instead.
2024-06-13T10:30:23.4443631Z #13 6.934 npm warn deprecated @babel/plugin-proposal-optional-chaining@7.21.0: This proposal has been merged to the ECMAScript standard and thus this plugin is no longer maintained. Please use @babel/plugin-transform-optional-chaining instead.
2024-06-13T10:30:23.4448014Z #13 6.934 npm warn deprecated @babel/plugin-proposal-class-properties@7.18.6: This proposal has been merged to the ECMAScript standard and thus this plugin is no longer maintained. Please use @babel/plugin-transform-class-properties instead.
2024-06-13T10:30:30.1250958Z #13 13.77 
2024-06-13T10:30:30.1252034Z #13 13.77 added 1633 packages, and audited 1634 packages in 13s
2024-06-13T10:30:30.2818324Z #13 13.77 
2024-06-13T10:30:30.2819519Z #13 13.77 276 packages are looking for funding
2024-06-13T10:30:30.2820775Z #13 13.77   run `npm fund` for details
2024-06-13T10:30:30.2821486Z #13 13.77 
2024-06-13T10:30:30.2822129Z #13 13.77 9 vulnerabilities (2 moderate, 7 high)
2024-06-13T10:30:30.2823036Z #13 13.77 
2024-06-13T10:30:30.2823712Z #13 13.77 To address issues that do not require attention, run:
2024-06-13T10:30:30.2824609Z #13 13.77   npm audit fix
2024-06-13T10:30:30.2825312Z #13 13.77 
2024-06-13T10:30:30.2826074Z #13 13.77 To address all issues (including breaking changes), run:
2024-06-13T10:30:30.2827314Z #13 13.77   npm audit fix --force
2024-06-13T10:30:30.2828149Z #13 13.77 
2024-06-13T10:30:30.2828712Z #13 13.77 Run `npm audit` for details.
2024-06-13T10:30:31.1867744Z #13 DONE 14.8s
2024-06-13T10:30:31.3690668Z 
2024-06-13T10:30:31.3691335Z #14 [build 5/6] COPY . .
2024-06-13T10:30:31.3692082Z #14 DONE 0.0s
2024-06-13T10:30:31.3692327Z 
2024-06-13T10:30:31.3692499Z #15 [build 6/6] RUN npm run build
2024-06-13T10:30:31.4999882Z #15 0.281 
2024-06-13T10:30:31.5000611Z #15 0.281 > web@0.1.0 build
2024-06-13T10:30:31.5001664Z #15 0.281 > react-scripts build
2024-06-13T10:30:31.5002550Z #15 0.281 
2024-06-13T10:30:32.5120711Z #15 1.293 Creating an optimized production build...
2024-06-13T10:30:35.7454996Z #15 4.527 [0;33mOne of your dependencies, babel-preset-react-app, is importing the
2024-06-13T10:30:35.7456336Z #15 4.527 "@babel/plugin-proposal-private-property-in-object" package without
2024-06-13T10:30:35.7457199Z #15 4.527 declaring it in its dependencies. This is currently working because
2024-06-13T10:30:35.7458066Z #15 4.527 "@babel/plugin-proposal-private-property-in-object" is already in your
2024-06-13T10:30:35.7459695Z #15 4.527 node_modules folder for unrelated reasons, but it [1mmay break at any time[0;33m.
2024-06-13T10:30:35.7460875Z #15 4.527 
2024-06-13T10:30:35.7462038Z #15 4.527 babel-preset-react-app is part of the create-react-app project, [1mwhich
2024-06-13T10:30:35.7463893Z #15 4.527 is not maintianed anymore[0;33m. It is thus unlikely that this bug will
2024-06-13T10:30:35.7465438Z #15 4.527 ever be fixed. Add "@babel/plugin-proposal-private-property-in-object" to
2024-06-13T10:30:35.7467154Z #15 4.527 your devDependencies to work around this error. This will make this message
2024-06-13T10:30:35.7468292Z #15 4.527 go away.[0m
2024-06-13T10:30:35.7468681Z #15 4.527   
2024-06-13T10:30:51.0679111Z #15 19.85 Compiled with warnings.
2024-06-13T10:30:51.0680129Z #15 19.85 
2024-06-13T10:30:51.2512793Z #15 19.85 Failed to parse source map from '/app/node_modules/@react-aria/ssr/dist/SSRProvider.mjs.map' file: Error: ENOENT: no such file or directory, open '/app/node_modules/@react-aria/ssr/dist/SSRProvider.mjs.map'
2024-06-13T10:30:51.2515200Z #15 19.85 
2024-06-13T10:30:51.2515973Z #15 19.85 [eslint] 
2024-06-13T10:30:51.2516642Z #15 19.85 src/components/StudentForm.js
2024-06-13T10:30:51.2517915Z #15 19.85   Line 3:10:  'FormGroup' is defined but never used  no-unused-vars
2024-06-13T10:30:51.2518909Z #15 19.85 
2024-06-13T10:30:51.2519483Z #15 19.85 src/components/StudentTable.js
2024-06-13T10:30:51.2520871Z #15 19.85   Line 39:19:  'setError' is assigned a value but never used  no-unused-vars
2024-06-13T10:30:51.2521903Z #15 19.85 
2024-06-13T10:30:51.2522563Z #15 19.85 src/services/edit_student.js
2024-06-13T10:30:51.2525420Z #15 19.85   Line 23:8:  React Hook useEffect has a missing dependency: 'handleClose'. Either include it or remove the dependency array. If 'handleClose' changes too often, find the parent component that defines it and wrap that definition in useCallback  react-hooks/exhaustive-deps
2024-06-13T10:30:51.2527995Z #15 19.85 
2024-06-13T10:30:51.2528853Z #15 19.85 Search for the keywords to learn more about each warning.
2024-06-13T10:30:51.2530211Z #15 19.85 To ignore, add // eslint-disable-next-line to the line before.
2024-06-13T10:30:51.2531169Z #15 19.85 
2024-06-13T10:30:51.2531820Z #15 19.85 File sizes after gzip:
2024-06-13T10:30:51.2532454Z #15 19.85 
2024-06-13T10:30:51.2533098Z #15 19.88   262.6 kB  build/static/js/main.d73a8158.js
2024-06-13T10:30:51.2534109Z #15 19.88   31.79 kB  build/static/css/main.ff02f4b5.css
2024-06-13T10:30:51.2534931Z #15 19.88   1.77 kB   build/static/js/453.e5407da2.chunk.js
2024-06-13T10:30:51.2535774Z #15 19.88 
2024-06-13T10:30:51.2536404Z #15 19.88 The project was built assuming it is hosted at /.
2024-06-13T10:30:51.2537599Z #15 19.88 You can control this with the homepage field in your package.json.
2024-06-13T10:30:51.2538649Z #15 19.88 
2024-06-13T10:30:51.2539255Z #15 19.88 The build folder is ready to be deployed.
2024-06-13T10:30:51.2540118Z #15 19.88 You may serve it with a static server:
2024-06-13T10:30:51.2540968Z #15 19.88 
2024-06-13T10:30:51.2541565Z #15 19.88   npm install -g serve
2024-06-13T10:30:51.2542282Z #15 19.88   serve -s build
2024-06-13T10:30:51.2542938Z #15 19.88 
2024-06-13T10:30:51.2543463Z #15 19.88 Find out more about deployment here:
2024-06-13T10:30:51.2544208Z #15 19.88 
2024-06-13T10:30:51.2544881Z #15 19.88   https://cra.link/deployment
2024-06-13T10:30:51.2545710Z #15 19.88 
2024-06-13T10:30:51.2917854Z #15 DONE 20.1s
2024-06-13T10:30:52.2667218Z 
2024-06-13T10:30:52.4454660Z #16 [stage-1 3/3] COPY --from=build /app/build /usr/share/nginx/html
2024-06-13T10:30:52.4455833Z #16 DONE 0.0s
2024-06-13T10:30:52.4456024Z 
2024-06-13T10:30:52.4456165Z #17 exporting to image
2024-06-13T10:30:52.4456532Z #17 exporting layers
2024-06-13T10:30:53.0071005Z #17 exporting layers 0.7s done
2024-06-13T10:30:53.0258924Z #17 writing image sha256:2413bf8c615df9c7846aeb425707a38ccacc5c8ff2f6a23ccb52b5f20ed6b0aa done
2024-06-13T10:30:53.0260512Z #17 naming to docker.io/hantmei/vdt_web:v2.0.0 done
2024-06-13T10:30:53.0262239Z #17 DONE 0.7s
2024-06-13T10:30:53.0409160Z The push refers to repository [docker.io/hantmei/vdt_web]
2024-06-13T10:30:53.0708941Z 07396a9563a8: Preparing
2024-06-13T10:30:53.0709743Z f6e5ccf9581b: Preparing
2024-06-13T10:30:53.0710696Z 042cd3f87f43: Preparing
2024-06-13T10:30:53.0711722Z f1bee861c2ba: Preparing
2024-06-13T10:30:53.0712449Z c4d67a5827ca: Preparing
2024-06-13T10:30:53.0712834Z 152a948bab3b: Preparing
2024-06-13T10:30:53.0713168Z 5e59460a18a3: Preparing
2024-06-13T10:30:53.0713623Z d8a5a02a8c2d: Preparing
2024-06-13T10:30:53.0713976Z 7cd52847ad77: Preparing
2024-06-13T10:30:53.0714360Z 5e59460a18a3: Waiting
2024-06-13T10:30:53.0714768Z d8a5a02a8c2d: Waiting
2024-06-13T10:30:53.0715116Z 7cd52847ad77: Waiting
2024-06-13T10:30:53.0715476Z 152a948bab3b: Waiting
2024-06-13T10:30:53.2491580Z c4d67a5827ca: Layer already exists
2024-06-13T10:30:53.2515871Z f1bee861c2ba: Layer already exists
2024-06-13T10:30:53.3347869Z 152a948bab3b: Layer already exists
2024-06-13T10:30:53.3384446Z 5e59460a18a3: Layer already exists
2024-06-13T10:30:53.3896088Z 042cd3f87f43: Layer already exists
2024-06-13T10:30:53.4260376Z d8a5a02a8c2d: Layer already exists
2024-06-13T10:30:53.4786116Z 7cd52847ad77: Layer already exists
2024-06-13T10:30:54.3362070Z f6e5ccf9581b: Pushed
2024-06-13T10:30:54.5190644Z 07396a9563a8: Pushed
2024-06-13T10:30:55.6954532Z v2.0.0: digest: sha256:f87a60503ff2bff5436bcdc3c84e6c1bbb232ffa24aade5ee131b375fca067a9 size: 2199
2024-06-13T10:30:55.7076708Z ##[group]Run actions/checkout@v3
2024-06-13T10:30:55.7077122Z with:
2024-06-13T10:30:55.7077571Z   repository: nguyenha-meiii/web_config
2024-06-13T10:30:55.7078183Z   token: ***
2024-06-13T10:30:55.7078558Z   path: .
2024-06-13T10:30:55.7078878Z   ssh-strict: true
2024-06-13T10:30:55.7079183Z   persist-credentials: true
2024-06-13T10:30:55.7079623Z   clean: true
2024-06-13T10:30:55.7079967Z   sparse-checkout-cone-mode: true
2024-06-13T10:30:55.7080347Z   fetch-depth: 1
2024-06-13T10:30:55.7080737Z   fetch-tags: false
2024-06-13T10:30:55.7081054Z   lfs: false
2024-06-13T10:30:55.7081351Z   submodules: false
2024-06-13T10:30:55.7081755Z   set-safe-directory: true
2024-06-13T10:30:55.7082082Z env:
2024-06-13T10:30:55.7082364Z   TAG: v2.0.0
2024-06-13T10:30:55.7082741Z ##[endgroup]
2024-06-13T10:30:55.7902558Z Syncing repository: nguyenha-meiii/web_config
2024-06-13T10:30:55.7906595Z ##[group]Getting Git version info
2024-06-13T10:30:55.7908276Z Working directory is '/home/runner/work/vdt_midterm_web/vdt_midterm_web'
2024-06-13T10:30:55.7939078Z [command]/usr/bin/git version
2024-06-13T10:30:55.7985417Z git version 2.45.2
2024-06-13T10:30:55.8009827Z ##[endgroup]
2024-06-13T10:30:55.8024200Z Temporarily overriding HOME='/home/runner/work/_temp/b03f21f3-d550-43c8-868b-cc6f45c49e19' before making global git config changes
2024-06-13T10:30:55.8026079Z Adding repository directory to the temporary git global config as a safe directory
2024-06-13T10:30:55.8030295Z [command]/usr/bin/git config --global --add safe.directory /home/runner/work/vdt_midterm_web/vdt_midterm_web
2024-06-13T10:30:55.8075869Z [command]/usr/bin/git config --local --get remote.origin.url
2024-06-13T10:30:55.8103158Z https://github.com/nguyenha-meiii/vdt_midterm_web
2024-06-13T10:30:55.8109766Z Deleting the contents of '/home/runner/work/vdt_midterm_web/vdt_midterm_web'
2024-06-13T10:30:55.8242410Z ##[group]Initializing the repository
2024-06-13T10:30:55.8246382Z [command]/usr/bin/git init /home/runner/work/vdt_midterm_web/vdt_midterm_web
2024-06-13T10:30:55.8292600Z hint: Using 'master' as the name for the initial branch. This default branch name
2024-06-13T10:30:55.8296076Z hint: is subject to change. To configure the initial branch name to use in all
2024-06-13T10:30:55.8297603Z hint: of your new repositories, which will suppress this warning, call:
2024-06-13T10:30:55.8298566Z hint:
2024-06-13T10:30:55.8299466Z hint: 	git config --global init.defaultBranch <name>
2024-06-13T10:30:55.8300254Z hint:
2024-06-13T10:30:55.8301108Z hint: Names commonly chosen instead of 'master' are 'main', 'trunk' and
2024-06-13T10:30:55.8302518Z hint: 'development'. The just-created branch can be renamed via this command:
2024-06-13T10:30:55.8303107Z hint:
2024-06-13T10:30:55.8303476Z hint: 	git branch -m <name>
2024-06-13T10:30:55.8304165Z Initialized empty Git repository in /home/runner/work/vdt_midterm_web/vdt_midterm_web/.git/
2024-06-13T10:30:55.8314705Z [command]/usr/bin/git remote add origin https://github.com/nguyenha-meiii/web_config
2024-06-13T10:30:55.8350139Z ##[endgroup]
2024-06-13T10:30:55.8351265Z ##[group]Disabling automatic garbage collection
2024-06-13T10:30:55.8353893Z [command]/usr/bin/git config --local gc.auto 0
2024-06-13T10:30:55.8389097Z ##[endgroup]
2024-06-13T10:30:55.8389986Z ##[group]Setting up auth
2024-06-13T10:30:55.8395457Z [command]/usr/bin/git config --local --name-only --get-regexp core\.sshCommand
2024-06-13T10:30:55.8430931Z [command]/usr/bin/git submodule foreach --recursive sh -c "git config --local --name-only --get-regexp 'core\.sshCommand' && git config --local --unset-all 'core.sshCommand' || :"
2024-06-13T10:30:55.8681496Z [command]/usr/bin/git config --local --name-only --get-regexp http\.https\:\/\/github\.com\/\.extraheader
2024-06-13T10:30:55.8721572Z [command]/usr/bin/git submodule foreach --recursive sh -c "git config --local --name-only --get-regexp 'http\.https\:\/\/github\.com\/\.extraheader' && git config --local --unset-all 'http.https://github.com/.extraheader' || :"
2024-06-13T10:30:55.8962776Z [command]/usr/bin/git config --local http.https://github.com/.extraheader AUTHORIZATION: basic ***
2024-06-13T10:30:55.9005135Z ##[endgroup]
2024-06-13T10:30:55.9006078Z ##[group]Determining the default branch
2024-06-13T10:30:55.9009304Z Retrieving the default branch name
2024-06-13T10:30:56.0616317Z Default branch 'main'
2024-06-13T10:30:56.0617606Z ##[endgroup]
2024-06-13T10:30:56.0618661Z ##[group]Fetching the repository
2024-06-13T10:30:56.0622810Z [command]/usr/bin/git -c protocol.version=2 fetch --no-tags --prune --progress --no-recurse-submodules --depth=1 origin +refs/heads/main:refs/remotes/origin/main
2024-06-13T10:30:56.3599881Z remote: Enumerating objects: 3, done.        
2024-06-13T10:30:56.3601296Z remote: Counting objects:  33% (1/3)        
2024-06-13T10:30:56.3602420Z remote: Counting objects:  66% (2/3)        
2024-06-13T10:30:56.3603732Z remote: Counting objects: 100% (3/3)        
2024-06-13T10:30:56.3604816Z remote: Counting objects: 100% (3/3), done.        
2024-06-13T10:30:56.3605890Z remote: Compressing objects:  50% (1/2)        
2024-06-13T10:30:56.3606668Z remote: Compressing objects: 100% (2/2)        
2024-06-13T10:30:56.3607199Z remote: Compressing objects: 100% (2/2), done.        
2024-06-13T10:30:56.3608040Z remote: Total 3 (delta 0), reused 0 (delta 0), pack-reused 0        
2024-06-13T10:30:56.3657809Z From https://github.com/nguyenha-meiii/web_config
2024-06-13T10:30:56.3658773Z  * [new branch]      main       -> origin/main
2024-06-13T10:30:56.3681853Z ##[endgroup]
2024-06-13T10:30:56.3682891Z ##[group]Determining the checkout info
2024-06-13T10:30:56.3684126Z ##[endgroup]
2024-06-13T10:30:56.3685126Z ##[group]Checking out the ref
2024-06-13T10:30:56.3690366Z [command]/usr/bin/git checkout --progress --force -B main refs/remotes/origin/main
2024-06-13T10:30:56.3740062Z Switched to a new branch 'main'
2024-06-13T10:30:56.3743487Z branch 'main' set up to track 'origin/main'.
2024-06-13T10:30:56.3749096Z ##[endgroup]
2024-06-13T10:30:56.3790846Z [command]/usr/bin/git log -1 --format='%H'
2024-06-13T10:30:56.3821925Z 'fd2359a19810e52720b6c5dd4f34e2ef5538911c'
2024-06-13T10:30:56.3923002Z ##[group]Run git clone ***github.com/nguyenha-meiii/web_config
2024-06-13T10:30:56.3923949Z [36;1mgit clone ***github.com/nguyenha-meiii/web_config[0m
2024-06-13T10:30:56.3924496Z [36;1mcd web_config[0m
2024-06-13T10:30:56.3924940Z [36;1m[0m
2024-06-13T10:30:56.3925357Z [36;1mgit config --global user.name 'GitHub Actions'[0m
2024-06-13T10:30:56.3926045Z [36;1mgit config --global user.email '***'[0m
2024-06-13T10:30:56.3926553Z [36;1m[0m
2024-06-13T10:30:56.3926977Z [36;1msed -i "s/^  tag: .*/  tag: v2.0.0/" values.yaml[0m
2024-06-13T10:30:56.3927453Z [36;1m[0m
2024-06-13T10:30:56.3927849Z [36;1mgit add values.yaml[0m
2024-06-13T10:30:56.3928319Z [36;1mgit commit -m "Update image version to v2.0.0"[0m
2024-06-13T10:30:56.3928804Z [36;1m[0m
2024-06-13T10:30:56.3929205Z [36;1mgit remote -v[0m
2024-06-13T10:30:56.3929560Z [36;1m[0m
2024-06-13T10:30:56.3930001Z [36;1mgit push --set-upstream origin main[0m
2024-06-13T10:30:56.3930922Z [36;1mgit push --set-upstream ***github.com/nguyenha-meiii/web_config main[0m
2024-06-13T10:30:56.3988546Z shell: /usr/bin/bash -e {0}
2024-06-13T10:30:56.3988904Z env:
2024-06-13T10:30:56.3989335Z   TAG: v2.0.0
2024-06-13T10:30:56.3989841Z   GITHUB_TOKEN: ***
2024-06-13T10:30:56.3990400Z ##[endgroup]
2024-06-13T10:30:56.4076360Z Cloning into 'web_config'...
2024-06-13T10:30:56.5764643Z [main ce93ee0] Update image version to v2.0.0
2024-06-13T10:30:56.5765674Z  1 file changed, 1 insertion(+), 1 deletion(-)
2024-06-13T10:30:56.5781254Z origin	***github.com/nguyenha-meiii/web_config (fetch)
2024-06-13T10:30:56.5783343Z origin	***github.com/nguyenha-meiii/web_config (push)
2024-06-13T10:30:57.2275416Z To https://github.com/nguyenha-meiii/web_config
2024-06-13T10:30:57.2276516Z    fd2359a..ce93ee0  main -> main
2024-06-13T10:30:57.2318767Z branch 'main' set up to track 'origin/main'.
2024-06-13T10:30:57.3821037Z Everything up-to-date
2024-06-13T10:30:57.3841168Z branch 'main' set up to track '***github.com/nguyenha-meiii/web_config/main'.
2024-06-13T10:30:57.3911307Z Post job cleanup.
2024-06-13T10:30:57.4734354Z [command]/usr/bin/git version
2024-06-13T10:30:57.4781585Z git version 2.45.2
2024-06-13T10:30:57.4817127Z Copying '/home/runner/.gitconfig' to '/home/runner/work/_temp/70832931-ef82-4195-9bb7-e085a7deb8bd/.gitconfig'
2024-06-13T10:30:57.4828113Z Temporarily overriding HOME='/home/runner/work/_temp/70832931-ef82-4195-9bb7-e085a7deb8bd' before making global git config changes
2024-06-13T10:30:57.4830316Z Adding repository directory to the temporary git global config as a safe directory
2024-06-13T10:30:57.4834675Z [command]/usr/bin/git config --global --add safe.directory /home/runner/work/vdt_midterm_web/vdt_midterm_web
2024-06-13T10:30:57.4876003Z [command]/usr/bin/git config --local --name-only --get-regexp core\.sshCommand
2024-06-13T10:30:57.4913975Z [command]/usr/bin/git submodule foreach --recursive sh -c "git config --local --name-only --get-regexp 'core\.sshCommand' && git config --local --unset-all 'core.sshCommand' || :"
2024-06-13T10:30:57.5161281Z [command]/usr/bin/git config --local --name-only --get-regexp http\.https\:\/\/github\.com\/\.extraheader
2024-06-13T10:30:57.5189236Z http.https://github.com/.extraheader
2024-06-13T10:30:57.5201075Z [command]/usr/bin/git config --local --unset-all http.https://github.com/.extraheader
2024-06-13T10:30:57.5239798Z [command]/usr/bin/git submodule foreach --recursive sh -c "git config --local --name-only --get-regexp 'http\.https\:\/\/github\.com\/\.extraheader' && git config --local --unset-all 'http.https://github.com/.extraheader' || :"
2024-06-13T10:30:57.5585780Z Post job cleanup.
2024-06-13T10:30:57.6692610Z [command]/usr/bin/docker logout 
2024-06-13T10:30:57.6839012Z Removing login credentials for https://index.docker.io/v1/
2024-06-13T10:30:57.6962709Z Post job cleanup.
2024-06-13T10:30:57.8381678Z ##[group]Removing builder
2024-06-13T10:30:57.9601015Z [command]/usr/bin/docker buildx rm builder-e7b8c3a1-2e5f-4ef6-950f-52f800dd5499
2024-06-13T10:30:58.1497773Z builder-e7b8c3a1-2e5f-4ef6-950f-52f800dd5499 removed
2024-06-13T10:30:58.1529604Z ##[endgroup]
2024-06-13T10:30:58.1530882Z ##[group]Cleaning up certificates
2024-06-13T10:30:58.1537982Z ##[endgroup]
2024-06-13T10:30:58.1662083Z Post job cleanup.
2024-06-13T10:30:58.2493813Z [command]/usr/bin/git version
2024-06-13T10:30:58.2543840Z git version 2.45.2
2024-06-13T10:30:58.2580548Z Copying '/home/runner/.gitconfig' to '/home/runner/work/_temp/2e0039a3-dd86-4386-8d14-c37077c5eee4/.gitconfig'
2024-06-13T10:30:58.2592663Z Temporarily overriding HOME='/home/runner/work/_temp/2e0039a3-dd86-4386-8d14-c37077c5eee4' before making global git config changes
2024-06-13T10:30:58.2594792Z Adding repository directory to the temporary git global config as a safe directory
2024-06-13T10:30:58.2599654Z [command]/usr/bin/git config --global --add safe.directory /home/runner/work/vdt_midterm_web/vdt_midterm_web
2024-06-13T10:30:58.2642906Z [command]/usr/bin/git config --local --name-only --get-regexp core\.sshCommand
2024-06-13T10:30:58.2685776Z [command]/usr/bin/git submodule foreach --recursive sh -c "git config --local --name-only --get-regexp 'core\.sshCommand' && git config --local --unset-all 'core.sshCommand' || :"
2024-06-13T10:30:58.2938930Z [command]/usr/bin/git config --local --name-only --get-regexp http\.https\:\/\/github\.com\/\.extraheader
2024-06-13T10:30:58.2978540Z [command]/usr/bin/git submodule foreach --recursive sh -c "git config --local --name-only --get-regexp 'http\.https\:\/\/github\.com\/\.extraheader' && git config --local --unset-all 'http.https://github.com/.extraheader' || :"
2024-06-13T10:30:58.3432150Z Cleaning up orphan processes